Archive member included because of file (symbol)

/usr/local/lib/gcc/avr/4.3.4/avr5/libgcc.a(_mulsi3.o)
                              iv.o (__mulsi3)
/usr/local/lib/gcc/avr/4.3.4/avr5/libgcc.a(_udivmodqi4.o)
                              iv.o (__udivmodqi4)
/usr/local/lib/gcc/avr/4.3.4/avr5/libgcc.a(_divmodqi4.o)
                              iv.o (__divmodqi4)
/usr/local/lib/gcc/avr/4.3.4/avr5/libgcc.a(_udivmodhi4.o)
                              iv.o (__udivmodhi4)
/usr/local/lib/gcc/avr/4.3.4/avr5/libgcc.a(_divmodhi4.o)
                              iv.o (__divmodhi4)
/usr/local/lib/gcc/avr/4.3.4/avr5/libgcc.a(_udivmodsi4.o)
                              iv.o (__udivmodsi4)
/usr/local/lib/gcc/avr/4.3.4/avr5/libgcc.a(_divmodsi4.o)
                              iv.o (__divmodsi4)
/usr/local/lib/gcc/avr/4.3.4/avr5/libgcc.a(_exit.o)
                              /usr/local/lib/gcc/avr/4.3.4/../../../../avr/lib/avr5/crtm168.o (exit)
/usr/local/lib/gcc/avr/4.3.4/avr5/libgcc.a(_copy_data.o)
                              iv.o (__do_copy_data)
/usr/local/lib/gcc/avr/4.3.4/avr5/libgcc.a(_clear_bss.o)
                              iv.o (__do_clear_bss)
/usr/local/lib/gcc/avr/4.3.4/../../../../avr/lib/avr5/libc.a(strchr.o)
                              iv.o (strchr)
/usr/local/lib/gcc/avr/4.3.4/../../../../avr/lib/avr5/libc.a(strcmp.o)
                              iv.o (strcmp)
/usr/local/lib/gcc/avr/4.3.4/../../../../avr/lib/avr5/libc.a(strncat.o)
                              iv.o (strncat)
/usr/local/lib/gcc/avr/4.3.4/../../../../avr/lib/avr5/libc.a(eerd_byte_atmega168.o)
                              iv.o (__eerd_byte_m168)
/usr/local/lib/gcc/avr/4.3.4/../../../../avr/lib/avr5/libc.a(eewr_byte_atmega168.o)
                              iv.o (__eewr_byte_m168)

Allocating common symbols
Common symbol       size              file

t                   0x4               iv.o
time_h              0x1               iv.o
strBuffer           0x80              iv.o
date_y              0x1               iv.o
alarm_m             0x1               iv.o
volume              0x1               iv.o
date_d              0x1               iv.o
display             0x9               iv.o
time_m              0x1               iv.o
alarm_on            0x1               iv.o
alarm_h             0x1               iv.o
brightness_level    0x1               iv.o
alarming            0x1               iv.o
displaymode         0x1               iv.o
date_m              0x1               iv.o
time_s              0x1               iv.o

Memory Configuration

Name             Origin             Length             Attributes
text             0x00000000         0x00020000         xr
data             0x00800060         0x0000ffa0         rw !x
eeprom           0x00810000         0x00010000         rw !x
fuse             0x00820000         0x00000400         rw !x
lock             0x00830000         0x00000400         rw !x
signature        0x00840000         0x00000400         rw !x
*default*        0x00000000         0xffffffff

Linker script and memory map

Address of section .data set to 0x800100
LOAD /usr/local/lib/gcc/avr/4.3.4/../../../../avr/lib/avr5/crtm168.o
LOAD iv.o
LOAD util.o
LOAD /usr/local/lib/gcc/avr/4.3.4/avr5/libgcc.a
LOAD /usr/local/lib/gcc/avr/4.3.4/../../../../avr/lib/avr5/libc.a
LOAD /usr/local/lib/gcc/avr/4.3.4/avr5/libgcc.a

.hash
 *(.hash)

.dynsym
 *(.dynsym)

.dynstr
 *(.dynstr)

.gnu.version
 *(.gnu.version)

.gnu.version_d
 *(.gnu.version_d)

.gnu.version_r
 *(.gnu.version_r)

.rel.init
 *(.rel.init)

.rela.init
 *(.rela.init)

.rel.text
 *(.rel.text)
 *(.rel.text.*)
 *(.rel.gnu.linkonce.t*)

.rela.text
 *(.rela.text)
 *(.rela.text.*)
 *(.rela.gnu.linkonce.t*)

.rel.fini
 *(.rel.fini)

.rela.fini
 *(.rela.fini)

.rel.rodata
 *(.rel.rodata)
 *(.rel.rodata.*)
 *(.rel.gnu.linkonce.r*)

.rela.rodata
 *(.rela.rodata)
 *(.rela.rodata.*)
 *(.rela.gnu.linkonce.r*)

.rel.data
 *(.rel.data)
 *(.rel.data.*)
 *(.rel.gnu.linkonce.d*)

.rela.data
 *(.rela.data)
 *(.rela.data.*)
 *(.rela.gnu.linkonce.d*)

.rel.ctors
 *(.rel.ctors)

.rela.ctors
 *(.rela.ctors)

.rel.dtors
 *(.rel.dtors)

.rela.dtors
 *(.rela.dtors)

.rel.got
 *(.rel.got)

.rela.got
 *(.rela.got)

.rel.bss
 *(.rel.bss)

.rela.bss
 *(.rela.bss)

.rel.plt
 *(.rel.plt)

.rela.plt
 *(.rela.plt)

.text           0x00000000     0x2a6e
 *(.vectors)
 .vectors       0x00000000       0x68 /usr/local/lib/gcc/avr/4.3.4/../../../../avr/lib/avr5/crtm168.o
                0x00000000                __vectors
                0x00000000                __vector_default
 *(.vectors)
 *(.progmem.gcc*)
 *(.progmem*)
 .progmem.data  0x00000068       0xed iv.o
                0x00000068                alphatable
                0x00000082                alphatable_p
                0x00000084                numbertable
                0x0000008e                numbertable_p
                0x00000090                digittable
                0x00000099                digittable_p
                0x0000009b                segmenttable
                0x000000a3                segmenttable_p
                0x00000156                . = ALIGN (0x2)
 *fill*         0x00000155        0x1 00
                0x00000156                __trampolines_start = .
 *(.trampolines)
 .trampolines   0x00000156        0x0 linker stubs
 *(.trampolines*)
                0x00000156                __trampolines_end = .
 *(.jumptables)
 *(.jumptables*)
 *(.lowtext)
 *(.lowtext*)
                0x00000156                __ctors_start = .
 *(.ctors)
                0x00000156                __ctors_end = .
                0x00000156                __dtors_start = .
 *(.dtors)
                0x00000156                __dtors_end = .
 SORT(*)(.ctors)
 SORT(*)(.dtors)
 *(.init0)
 .init0         0x00000156        0x0 /usr/local/lib/gcc/avr/4.3.4/../../../../avr/lib/avr5/crtm168.o
                0x00000156                __init
 *(.init0)
 *(.init1)
 *(.init1)
 *(.init2)
 .init2         0x00000156        0xc /usr/local/lib/gcc/avr/4.3.4/../../../../avr/lib/avr5/crtm168.o
 *(.init2)
 *(.init3)
 *(.init3)
 *(.init4)
 .init4         0x00000162       0x16 /usr/local/lib/gcc/avr/4.3.4/avr5/libgcc.a(_copy_data.o)
                0x00000162                __do_copy_data
 .init4         0x00000178       0x10 /usr/local/lib/gcc/avr/4.3.4/avr5/libgcc.a(_clear_bss.o)
                0x00000178                __do_clear_bss
 *(.init4)
 *(.init5)
 *(.init5)
 *(.init6)
 *(.init6)
 *(.init7)
 *(.init7)
 *(.init8)
 *(.init8)
 *(.init9)
 .init9         0x00000188        0x8 /usr/local/lib/gcc/avr/4.3.4/../../../../avr/lib/avr5/crtm168.o
 *(.init9)
 *(.text)
 .text          0x00000190        0x4 /usr/local/lib/gcc/avr/4.3.4/../../../../avr/lib/avr5/crtm168.o
                0x00000190                __vector_20
                0x00000190                __vector_24
                0x00000190                __vector_12
                0x00000190                __bad_interrupt
                0x00000190                __vector_6
                0x00000190                __vector_25
                0x00000190                __vector_11
                0x00000190                __vector_13
                0x00000190                __vector_17
                0x00000190                __vector_19
                0x00000190                __vector_7
                0x00000190                __vector_4
                0x00000190                __vector_2
                0x00000190                __vector_15
                0x00000190                __vector_8
                0x00000190                __vector_14
                0x00000190                __vector_10
                0x00000190                __vector_18
                0x00000190                __vector_22
 .text          0x00000194     0x2478 iv.o
                0x00000194                delayms
                0x000001b0                kickthedog
                0x000001b4                gotosleep
                0x0000020e                initbuttons
                0x00000234                leapyear
                0x00000266                tick
                0x000002b6                beep
                0x00000344                dimmer_init
                0x0000037a                dimmer_update
                0x0000038e                set_vfd_brightness
                0x000003a6                boost_init
                0x000003c6                __vector_21
                0x0000046e                display_brightness
                0x000004d4                display_time
                0x000005cc                display_alarm
                0x000006cc                display_timezone
                0x0000076e                display_str
                0x000007bc                display_date
                0x00000ad8                vfd_init
                0x00000ade                vfd_send
                0x00000b12                setdisplay
                0x00000bca                __vector_16
                0x00000d02                spi_xfer
                0x00000d0c                gpsdataready
                0x00000d14                setgpstime
                0x00000d68                setgpsdate
                0x00000dac                fix_time
                0x00001014                set_brightness
                0x000010da                set_time
                0x000012be                set_alarm
                0x0000144a                check_alarm
                0x00001482                __vector_9
                0x000015a6                setalarmstate
                0x0000164e                set_date
                0x000018a2                __vector_23
                0x0000197a                setsnooze
                0x000019bc                __vector_3
                0x00001a6e                __vector_5
                0x00001bac                getgpstime
                0x00001dd2                speaker_init
                0x00001e34                clock_init
                0x00001ede                set_region
                0x00001f98                set_volume
                0x000020b6                wakeup
                0x00002142                set_timezone
                0x000022e8                main
                0x0000258c                __vector_1
 .text          0x0000260c      0x2b2 util.o
                0x0000260c                delay_10us
                0x00002620                delay_s
                0x0000263e                uart_init
                0x00002658                uart_putchar
                0x0000266c                uart_getchar
                0x0000267a                uart_getch
                0x00002682                ROM_putstring
                0x000026c4                uart_puts
                0x000026de                uart_putc_hex
                0x00002730                uart_putw_hex
                0x00002744                uart_putdw_hex
                0x0000276a                uart_putw_dec
                0x000027e0                uart_putdw_dec
 .text          0x000028be        0x0 /usr/local/lib/gcc/avr/4.3.4/avr5/libgcc.a(_mulsi3.o)
 .text          0x000028be        0x0 /usr/local/lib/gcc/avr/4.3.4/avr5/libgcc.a(_udivmodqi4.o)
 .text          0x000028be        0x0 /usr/local/lib/gcc/avr/4.3.4/avr5/libgcc.a(_divmodqi4.o)
 .text          0x000028be        0x0 /usr/local/lib/gcc/avr/4.3.4/avr5/libgcc.a(_udivmodhi4.o)
 .text          0x000028be        0x0 /usr/local/lib/gcc/avr/4.3.4/avr5/libgcc.a(_divmodhi4.o)
 .text          0x000028be        0x0 /usr/local/lib/gcc/avr/4.3.4/avr5/libgcc.a(_udivmodsi4.o)
 .text          0x000028be        0x0 /usr/local/lib/gcc/avr/4.3.4/avr5/libgcc.a(_divmodsi4.o)
 .text          0x000028be        0x0 /usr/local/lib/gcc/avr/4.3.4/avr5/libgcc.a(_exit.o)
 .text          0x000028be        0x0 /usr/local/lib/gcc/avr/4.3.4/avr5/libgcc.a(_copy_data.o)
 .text          0x000028be        0x0 /usr/local/lib/gcc/avr/4.3.4/avr5/libgcc.a(_clear_bss.o)
 .text          0x000028be        0x0 /usr/local/lib/gcc/avr/4.3.4/../../../../avr/lib/avr5/libc.a(strchr.o)
 .text          0x000028be        0x0 /usr/local/lib/gcc/avr/4.3.4/../../../../avr/lib/avr5/libc.a(strcmp.o)
 .text          0x000028be        0x0 /usr/local/lib/gcc/avr/4.3.4/../../../../avr/lib/avr5/libc.a(strncat.o)
 .text          0x000028be        0x0 /usr/local/lib/gcc/avr/4.3.4/../../../../avr/lib/avr5/libc.a(eerd_byte_atmega168.o)
 .text          0x000028be        0x0 /usr/local/lib/gcc/avr/4.3.4/../../../../avr/lib/avr5/libc.a(eewr_byte_atmega168.o)
                0x000028be                . = ALIGN (0x2)
 *(.text.*)
 .text.libgcc   0x000028be       0x3e /usr/local/lib/gcc/avr/4.3.4/avr5/libgcc.a(_mulsi3.o)
                0x000028be                __mulsi3
 .text.libgcc   0x000028fc       0x18 /usr/local/lib/gcc/avr/4.3.4/avr5/libgcc.a(_udivmodqi4.o)
                0x000028fc                __udivmodqi4
 .text.libgcc   0x00002914       0x1a /usr/local/lib/gcc/avr/4.3.4/avr5/libgcc.a(_divmodqi4.o)
                0x00002914                __divmodqi4
 .text.libgcc   0x0000292e       0x28 /usr/local/lib/gcc/avr/4.3.4/avr5/libgcc.a(_udivmodhi4.o)
                0x0000292e                __udivmodhi4
 .text.libgcc   0x00002956       0x26 /usr/local/lib/gcc/avr/4.3.4/avr5/libgcc.a(_divmodhi4.o)
                0x00002956                __divmodhi4
                0x00002956                _div
 .text.libgcc   0x0000297c       0x44 /usr/local/lib/gcc/avr/4.3.4/avr5/libgcc.a(_udivmodsi4.o)
                0x0000297c                __udivmodsi4
 .text.libgcc   0x000029c0       0x36 /usr/local/lib/gcc/avr/4.3.4/avr5/libgcc.a(_divmodsi4.o)
                0x000029c0                __divmodsi4
 .text.libgcc   0x000029f6        0x0 /usr/local/lib/gcc/avr/4.3.4/avr5/libgcc.a(_exit.o)
 .text.libgcc   0x000029f6        0x0 /usr/local/lib/gcc/avr/4.3.4/avr5/libgcc.a(_copy_data.o)
 .text.libgcc   0x000029f6        0x0 /usr/local/lib/gcc/avr/4.3.4/avr5/libgcc.a(_clear_bss.o)
 .text.avr-libc
                0x000029f6       0x16 /usr/local/lib/gcc/avr/4.3.4/../../../../avr/lib/avr5/libc.a(strchr.o)
                0x000029f6                strchr
 .text.avr-libc
                0x00002a0c       0x12 /usr/local/lib/gcc/avr/4.3.4/../../../../avr/lib/avr5/libc.a(strcmp.o)
                0x00002a0c                strcmp
 .text.avr-libc
                0x00002a1e       0x20 /usr/local/lib/gcc/avr/4.3.4/../../../../avr/lib/avr5/libc.a(strncat.o)
                0x00002a1e                strncat
 .text.avr-libc
                0x00002a3e       0x10 /usr/local/lib/gcc/avr/4.3.4/../../../../avr/lib/avr5/libc.a(eerd_byte_atmega168.o)
                0x00002a3e                __eerd_byte_m168
 .text.avr-libc
                0x00002a4e       0x1c /usr/local/lib/gcc/avr/4.3.4/../../../../avr/lib/avr5/libc.a(eewr_byte_atmega168.o)
                0x00002a4e                __eewr_byte_m168
                0x00002a50                __eewr_r18_m168
                0x00002a6a                . = ALIGN (0x2)
 *(.fini9)
 .fini9         0x00002a6a        0x0 /usr/local/lib/gcc/avr/4.3.4/avr5/libgcc.a(_exit.o)
                0x00002a6a                exit
                0x00002a6a                _exit
 *(.fini9)
 *(.fini8)
 *(.fini8)
 *(.fini7)
 *(.fini7)
 *(.fini6)
 *(.fini6)
 *(.fini5)
 *(.fini5)
 *(.fini4)
 *(.fini4)
 *(.fini3)
 *(.fini3)
 *(.fini2)
 *(.fini2)
 *(.fini1)
 *(.fini1)
 *(.fini0)
 .fini0         0x00002a6a        0x4 /usr/local/lib/gcc/avr/4.3.4/avr5/libgcc.a(_exit.o)
 *(.fini0)
                0x00002a6e                _etext = .

.data           0x00800100      0x146 load address 0x00002a6e
                0x00800100                PROVIDE (__data_start, .)
 *(.data)
 .data          0x00800100        0x0 /usr/local/lib/gcc/avr/4.3.4/../../../../avr/lib/avr5/crtm168.o
 .data          0x00800100      0x145 iv.o
                0x00800244                intTimeZoneHour
 .data          0x00800245        0x0 util.o
 .data          0x00800245        0x0 /usr/local/lib/gcc/avr/4.3.4/avr5/libgcc.a(_mulsi3.o)
 .data          0x00800245        0x0 /usr/local/lib/gcc/avr/4.3.4/avr5/libgcc.a(_udivmodqi4.o)
 .data          0x00800245        0x0 /usr/local/lib/gcc/avr/4.3.4/avr5/libgcc.a(_divmodqi4.o)
 .data          0x00800245        0x0 /usr/local/lib/gcc/avr/4.3.4/avr5/libgcc.a(_udivmodhi4.o)
 .data          0x00800245        0x0 /usr/local/lib/gcc/avr/4.3.4/avr5/libgcc.a(_divmodhi4.o)
 .data          0x00800245        0x0 /usr/local/lib/gcc/avr/4.3.4/avr5/libgcc.a(_udivmodsi4.o)
 .data          0x00800245        0x0 /usr/local/lib/gcc/avr/4.3.4/avr5/libgcc.a(_divmodsi4.o)
 .data          0x00800245        0x0 /usr/local/lib/gcc/avr/4.3.4/avr5/libgcc.a(_exit.o)
 .data          0x00800245        0x0 /usr/local/lib/gcc/avr/4.3.4/avr5/libgcc.a(_copy_data.o)
 .data          0x00800245        0x0 /usr/local/lib/gcc/avr/4.3.4/avr5/libgcc.a(_clear_bss.o)
 .data          0x00800245        0x0 /usr/local/lib/gcc/avr/4.3.4/../../../../avr/lib/avr5/libc.a(strchr.o)
 .data          0x00800245        0x0 /usr/local/lib/gcc/avr/4.3.4/../../../../avr/lib/avr5/libc.a(strcmp.o)
 .data          0x00800245        0x0 /usr/local/lib/gcc/avr/4.3.4/../../../../avr/lib/avr5/libc.a(strncat.o)
 .data          0x00800245        0x0 /usr/local/lib/gcc/avr/4.3.4/../../../../avr/lib/avr5/libc.a(eerd_byte_atmega168.o)
 .data          0x00800245        0x0 /usr/local/lib/gcc/avr/4.3.4/../../../../avr/lib/avr5/libc.a(eewr_byte_atmega168.o)
 *(.data*)
 *(.rodata)
 *(.rodata*)
 *(.gnu.linkonce.d*)
                0x00800246                . = ALIGN (0x2)
 *fill*         0x00800245        0x1 00
                0x00800246                _edata = .
                0x00800246                PROVIDE (__data_end, .)

.bss            0x00800246       0xb0
                0x00800246                PROVIDE (__bss_start, .)
 *(.bss)
 .bss           0x00800246        0x0 /usr/local/lib/gcc/avr/4.3.4/../../../../avr/lib/avr5/crtm168.o
 .bss           0x00800246       0x16 iv.o
                0x00800246                app_start
                0x00800248                region
                0x00800249                sleepmode
                0x0080024a                timeunknown
                0x0080024b                restored
                0x0080024c                intBufferStatus
                0x0080024d                intTimeZoneMin
                0x0080024e                currdigit
                0x0080024f                muxdiv
                0x00800251                alarmdiv
                0x00800253                snoozetimer
                0x00800255                milliseconds
                0x00800257                last_buttonstate
                0x00800258                just_pressed
                0x00800259                pressed
                0x0080025a                buttonholdcounter
                0x0080025b                timeoutcounter
 .bss           0x0080025c        0x0 util.o
 .bss           0x0080025c        0x0 /usr/local/lib/gcc/avr/4.3.4/avr5/libgcc.a(_mulsi3.o)
 .bss           0x0080025c        0x0 /usr/local/lib/gcc/avr/4.3.4/avr5/libgcc.a(_udivmodqi4.o)
 .bss           0x0080025c        0x0 /usr/local/lib/gcc/avr/4.3.4/avr5/libgcc.a(_divmodqi4.o)
 .bss           0x0080025c        0x0 /usr/local/lib/gcc/avr/4.3.4/avr5/libgcc.a(_udivmodhi4.o)
 .bss           0x0080025c        0x0 /usr/local/lib/gcc/avr/4.3.4/avr5/libgcc.a(_divmodhi4.o)
 .bss           0x0080025c        0x0 /usr/local/lib/gcc/avr/4.3.4/avr5/libgcc.a(_udivmodsi4.o)
 .bss           0x0080025c        0x0 /usr/local/lib/gcc/avr/4.3.4/avr5/libgcc.a(_divmodsi4.o)
 .bss           0x0080025c        0x0 /usr/local/lib/gcc/avr/4.3.4/avr5/libgcc.a(_exit.o)
 .bss           0x0080025c        0x0 /usr/local/lib/gcc/avr/4.3.4/avr5/libgcc.a(_copy_data.o)
 .bss           0x0080025c        0x0 /usr/local/lib/gcc/avr/4.3.4/avr5/libgcc.a(_clear_bss.o)
 .bss           0x0080025c        0x0 /usr/local/lib/gcc/avr/4.3.4/../../../../avr/lib/avr5/libc.a(strchr.o)
 .bss           0x0080025c        0x0 /usr/local/lib/gcc/avr/4.3.4/../../../../avr/lib/avr5/libc.a(strcmp.o)
 .bss           0x0080025c        0x0 /usr/local/lib/gcc/avr/4.3.4/../../../../avr/lib/avr5/libc.a(strncat.o)
 .bss           0x0080025c        0x0 /usr/local/lib/gcc/avr/4.3.4/../../../../avr/lib/avr5/libc.a(eerd_byte_atmega168.o)
 .bss           0x0080025c        0x0 /usr/local/lib/gcc/avr/4.3.4/../../../../avr/lib/avr5/libc.a(eewr_byte_atmega168.o)
 *(.bss*)
 *(COMMON)
 COMMON         0x0080025c       0x9a iv.o
                0x0080025c                t
                0x00800260                time_h
                0x00800261                strBuffer
                0x008002e1                date_y
                0x008002e2                alarm_m
                0x008002e3                volume
                0x008002e4                date_d
                0x008002e5                display
                0x008002ee                time_m
                0x008002ef                alarm_on
                0x008002f0                alarm_h
                0x008002f1                brightness_level
                0x008002f2                alarming
                0x008002f3                displaymode
                0x008002f4                date_m
                0x008002f5                time_s
                0x008002f6                PROVIDE (__bss_end, .)
                0x00002a6e                __data_load_start = LOADADDR (.data)
                0x00002bb4                __data_load_end = (__data_load_start + SIZEOF (.data))

.noinit         0x008002f6        0x0
                0x008002f6                PROVIDE (__noinit_start, .)
 *(.noinit*)
                0x008002f6                PROVIDE (__noinit_end, .)
                0x008002f6                _end = .
                0x008002f6                PROVIDE (__heap_start, .)

.eeprom         0x00810000        0x0
 *(.eeprom*)
                0x00810000                __eeprom_end = .

.fuse
 *(.fuse)
 *(.lfuse)
 *(.hfuse)
 *(.efuse)

.lock
 *(.lock*)

.signature
 *(.signature*)

.stab           0x00000000     0x5f64
 *(.stab)
 .stab          0x00000000      0x6b4 /usr/local/lib/gcc/avr/4.3.4/../../../../avr/lib/avr5/crtm168.o
 .stab          0x000006b4     0x4aac iv.o
                               0x4ab8 (size before relaxing)
 .stab          0x00005160      0xa98 util.o
                                0xcfc (size before relaxing)
 .stab          0x00005bf8       0x9c /usr/local/lib/gcc/avr/4.3.4/../../../../avr/lib/avr5/libc.a(strchr.o)
                                 0xa8 (size before relaxing)
 .stab          0x00005c94       0x84 /usr/local/lib/gcc/avr/4.3.4/../../../../avr/lib/avr5/libc.a(strcmp.o)
                                 0x90 (size before relaxing)
 .stab          0x00005d18       0xd8 /usr/local/lib/gcc/avr/4.3.4/../../../../avr/lib/avr5/libc.a(strncat.o)
                                 0xe4 (size before relaxing)
 .stab          0x00005df0       0x90 /usr/local/lib/gcc/avr/4.3.4/../../../../avr/lib/avr5/libc.a(eerd_byte_atmega168.o)
                                 0x9c (size before relaxing)
 .stab          0x00005e80       0xe4 /usr/local/lib/gcc/avr/4.3.4/../../../../avr/lib/avr5/libc.a(eewr_byte_atmega168.o)
                                 0xf0 (size before relaxing)

.stabstr        0x00000000     0x194c
 *(.stabstr)
 .stabstr       0x00000000     0x194c /usr/local/lib/gcc/avr/4.3.4/../../../../avr/lib/avr5/crtm168.o

.stab.excl
 *(.stab.excl)

.stab.exclstr
 *(.stab.exclstr)

.stab.index
 *(.stab.index)

.stab.indexstr
 *(.stab.indexstr)

.comment
 *(.comment)

.debug
 *(.debug)

.line
 *(.line)

.debug_srcinfo
 *(.debug_srcinfo)

.debug_sfnames
 *(.debug_sfnames)

.debug_aranges
 *(.debug_aranges)

.debug_pubnames
 *(.debug_pubnames)

.debug_info
 *(.debug_info)
 *(.gnu.linkonce.wi.*)

.debug_abbrev
 *(.debug_abbrev)

.debug_line
 *(.debug_line)

.debug_frame
 *(.debug_frame)

.debug_str
 *(.debug_str)

.debug_loc
 *(.debug_loc)

.debug_macinfo
 *(.debug_macinfo)
OUTPUT(iv.elf elf32-avr)
LOAD linker stubs

Cross Reference Table

Symbol                                            File
ROM_putstring                                     util.o
                                                  iv.o
__bad_interrupt                                   /usr/local/lib/gcc/avr/4.3.4/../../../../avr/lib/avr5/crtm168.o
__bss_end                                         /usr/local/lib/gcc/avr/4.3.4/avr5/libgcc.a(_clear_bss.o)
__bss_start                                       /usr/local/lib/gcc/avr/4.3.4/avr5/libgcc.a(_clear_bss.o)
__data_end                                        /usr/local/lib/gcc/avr/4.3.4/avr5/libgcc.a(_copy_data.o)
__data_load_start                                 /usr/local/lib/gcc/avr/4.3.4/avr5/libgcc.a(_copy_data.o)
__data_start                                      /usr/local/lib/gcc/avr/4.3.4/avr5/libgcc.a(_copy_data.o)
__divmodhi4                                       /usr/local/lib/gcc/avr/4.3.4/avr5/libgcc.a(_divmodhi4.o)
                                                  iv.o
__divmodqi4                                       /usr/local/lib/gcc/avr/4.3.4/avr5/libgcc.a(_divmodqi4.o)
                                                  iv.o
__divmodsi4                                       /usr/local/lib/gcc/avr/4.3.4/avr5/libgcc.a(_divmodsi4.o)
                                                  iv.o
__do_clear_bss                                    /usr/local/lib/gcc/avr/4.3.4/avr5/libgcc.a(_clear_bss.o)
                                                  iv.o
__do_copy_data                                    /usr/local/lib/gcc/avr/4.3.4/avr5/libgcc.a(_copy_data.o)
                                                  iv.o
__eerd_byte_m168                                  /usr/local/lib/gcc/avr/4.3.4/../../../../avr/lib/avr5/libc.a(eerd_byte_atmega168.o)
                                                  iv.o
__eewr_byte_m168                                  /usr/local/lib/gcc/avr/4.3.4/../../../../avr/lib/avr5/libc.a(eewr_byte_atmega168.o)
                                                  iv.o
__eewr_r18_m168                                   /usr/local/lib/gcc/avr/4.3.4/../../../../avr/lib/avr5/libc.a(eewr_byte_atmega168.o)
__heap_end                                        /usr/local/lib/gcc/avr/4.3.4/../../../../avr/lib/avr5/crtm168.o
__init                                            /usr/local/lib/gcc/avr/4.3.4/../../../../avr/lib/avr5/crtm168.o
__mulsi3                                          /usr/local/lib/gcc/avr/4.3.4/avr5/libgcc.a(_mulsi3.o)
                                                  util.o
                                                  iv.o
__stack                                           /usr/local/lib/gcc/avr/4.3.4/../../../../avr/lib/avr5/crtm168.o
__udivmodhi4                                      /usr/local/lib/gcc/avr/4.3.4/avr5/libgcc.a(_udivmodhi4.o)
                                                  /usr/local/lib/gcc/avr/4.3.4/avr5/libgcc.a(_divmodhi4.o)
                                                  util.o
                                                  iv.o
__udivmodqi4                                      /usr/local/lib/gcc/avr/4.3.4/avr5/libgcc.a(_udivmodqi4.o)
                                                  /usr/local/lib/gcc/avr/4.3.4/avr5/libgcc.a(_divmodqi4.o)
                                                  iv.o
__udivmodsi4                                      /usr/local/lib/gcc/avr/4.3.4/avr5/libgcc.a(_udivmodsi4.o)
                                                  /usr/local/lib/gcc/avr/4.3.4/avr5/libgcc.a(_divmodsi4.o)
                                                  util.o
                                                  iv.o
__vector_1                                        iv.o
                                                  /usr/local/lib/gcc/avr/4.3.4/../../../../avr/lib/avr5/crtm168.o
__vector_10                                       /usr/local/lib/gcc/avr/4.3.4/../../../../avr/lib/avr5/crtm168.o
__vector_11                                       /usr/local/lib/gcc/avr/4.3.4/../../../../avr/lib/avr5/crtm168.o
__vector_12                                       /usr/local/lib/gcc/avr/4.3.4/../../../../avr/lib/avr5/crtm168.o
__vector_13                                       /usr/local/lib/gcc/avr/4.3.4/../../../../avr/lib/avr5/crtm168.o
__vector_14                                       /usr/local/lib/gcc/avr/4.3.4/../../../../avr/lib/avr5/crtm168.o
__vector_15                                       /usr/local/lib/gcc/avr/4.3.4/../../../../avr/lib/avr5/crtm168.o
__vector_16                                       iv.o
                                                  /usr/local/lib/gcc/avr/4.3.4/../../../../avr/lib/avr5/crtm168.o
__vector_17                                       /usr/local/lib/gcc/avr/4.3.4/../../../../avr/lib/avr5/crtm168.o
__vector_18                                       /usr/local/lib/gcc/avr/4.3.4/../../../../avr/lib/avr5/crtm168.o
__vector_19                                       /usr/local/lib/gcc/avr/4.3.4/../../../../avr/lib/avr5/crtm168.o
__vector_2                                        /usr/local/lib/gcc/avr/4.3.4/../../../../avr/lib/avr5/crtm168.o
__vector_20                                       /usr/local/lib/gcc/avr/4.3.4/../../../../avr/lib/avr5/crtm168.o
__vector_21                                       iv.o
                                                  /usr/local/lib/gcc/avr/4.3.4/../../../../avr/lib/avr5/crtm168.o
__vector_22                                       /usr/local/lib/gcc/avr/4.3.4/../../../../avr/lib/avr5/crtm168.o
__vector_23                                       iv.o
                                                  /usr/local/lib/gcc/avr/4.3.4/../../../../avr/lib/avr5/crtm168.o
__vector_24                                       /usr/local/lib/gcc/avr/4.3.4/../../../../avr/lib/avr5/crtm168.o
__vector_25                                       /usr/local/lib/gcc/avr/4.3.4/../../../../avr/lib/avr5/crtm168.o
__vector_3                                        iv.o
                                                  /usr/local/lib/gcc/avr/4.3.4/../../../../avr/lib/avr5/crtm168.o
__vector_4                                        /usr/local/lib/gcc/avr/4.3.4/../../../../avr/lib/avr5/crtm168.o
__vector_5                                        iv.o
                                                  /usr/local/lib/gcc/avr/4.3.4/../../../../avr/lib/avr5/crtm168.o
__vector_6                                        /usr/local/lib/gcc/avr/4.3.4/../../../../avr/lib/avr5/crtm168.o
__vector_7                                        /usr/local/lib/gcc/avr/4.3.4/../../../../avr/lib/avr5/crtm168.o
__vector_8                                        /usr/local/lib/gcc/avr/4.3.4/../../../../avr/lib/avr5/crtm168.o
__vector_9                                        iv.o
                                                  /usr/local/lib/gcc/avr/4.3.4/../../../../avr/lib/avr5/crtm168.o
__vector_default                                  /usr/local/lib/gcc/avr/4.3.4/../../../../avr/lib/avr5/crtm168.o
__vectors                                         /usr/local/lib/gcc/avr/4.3.4/../../../../avr/lib/avr5/crtm168.o
_div                                              /usr/local/lib/gcc/avr/4.3.4/avr5/libgcc.a(_divmodhi4.o)
_exit                                             /usr/local/lib/gcc/avr/4.3.4/avr5/libgcc.a(_exit.o)
alarm_h                                           iv.o
alarm_m                                           iv.o
alarm_on                                          iv.o
alarmdiv                                          iv.o
alarming                                          iv.o
alphatable                                        iv.o
alphatable_p                                      iv.o
app_start                                         iv.o
beep                                              iv.o
boost_init                                        iv.o
brightness_level                                  iv.o
buttonholdcounter                                 iv.o
check_alarm                                       iv.o
clock_init                                        iv.o
currdigit                                         iv.o
date_d                                            iv.o
date_m                                            iv.o
date_y                                            iv.o
delay_10us                                        util.o
delay_s                                           util.o
delayms                                           iv.o
digittable                                        iv.o
digittable_p                                      iv.o
dimmer_init                                       iv.o
dimmer_update                                     iv.o
display                                           iv.o
display_alarm                                     iv.o
display_brightness                                iv.o
display_date                                      iv.o
display_str                                       iv.o
display_time                                      iv.o
display_timezone                                  iv.o
displaymode                                       iv.o
exit                                              /usr/local/lib/gcc/avr/4.3.4/avr5/libgcc.a(_exit.o)
                                                  /usr/local/lib/gcc/avr/4.3.4/../../../../avr/lib/avr5/crtm168.o
fix_time                                          iv.o
getgpstime                                        iv.o
gotosleep                                         iv.o
gpsdataready                                      iv.o
initbuttons                                       iv.o
intBufferStatus                                   iv.o
intTimeZoneHour                                   iv.o
intTimeZoneMin                                    iv.o
just_pressed                                      iv.o
kickthedog                                        iv.o
last_buttonstate                                  iv.o
leapyear                                          iv.o
main                                              iv.o
                                                  /usr/local/lib/gcc/avr/4.3.4/../../../../avr/lib/avr5/crtm168.o
milliseconds                                      iv.o
muxdiv                                            iv.o
numbertable                                       iv.o
numbertable_p                                     iv.o
pressed                                           iv.o
region                                            iv.o
restored                                          iv.o
segmenttable                                      iv.o
segmenttable_p                                    iv.o
set_alarm                                         iv.o
set_brightness                                    iv.o
set_date                                          iv.o
set_region                                        iv.o
set_time                                          iv.o
set_timezone                                      iv.o
set_vfd_brightness                                iv.o
set_volume                                        iv.o
setalarmstate                                     iv.o
setdisplay                                        iv.o
setgpsdate                                        iv.o
setgpstime                                        iv.o
setsnooze                                         iv.o
sleepmode                                         iv.o
snoozetimer                                       iv.o
speaker_init                                      iv.o
spi_xfer                                          iv.o
strBuffer                                         iv.o
strchr                                            /usr/local/lib/gcc/avr/4.3.4/../../../../avr/lib/avr5/libc.a(strchr.o)
                                                  iv.o
strcmp                                            /usr/local/lib/gcc/avr/4.3.4/../../../../avr/lib/avr5/libc.a(strcmp.o)
                                                  iv.o
strncat                                           /usr/local/lib/gcc/avr/4.3.4/../../../../avr/lib/avr5/libc.a(strncat.o)
                                                  iv.o
t                                                 iv.o
tick                                              iv.o
time_h                                            iv.o
time_m                                            iv.o
time_s                                            iv.o
timeoutcounter                                    iv.o
timeunknown                                       iv.o
uart_getch                                        util.o
uart_getchar                                      util.o
uart_init                                         util.o
                                                  iv.o
uart_putc_hex                                     util.o
uart_putchar                                      util.o
                                                  iv.o
uart_putdw_dec                                    util.o
uart_putdw_hex                                    util.o
uart_puts                                         util.o
                                                  iv.o
uart_putw_dec                                     util.o
                                                  iv.o
uart_putw_hex                                     util.o
                                                  iv.o
vfd_init                                          iv.o
vfd_send                                          iv.o
volume                                            iv.o
wakeup                                            iv.o
