Archive member included because of file (symbol)

/Applications/Arduino.app/Contents/Resources/Java/hardware/tools/avr/bin/../lib/gcc/avr/4.3.2/avr5/libgcc.a(_mulsi3.o)
                              iv.o (__mulsi3)
/Applications/Arduino.app/Contents/Resources/Java/hardware/tools/avr/bin/../lib/gcc/avr/4.3.2/avr5/libgcc.a(_udivmodqi4.o)
                              iv.o (__udivmodqi4)
/Applications/Arduino.app/Contents/Resources/Java/hardware/tools/avr/bin/../lib/gcc/avr/4.3.2/avr5/libgcc.a(_divmodqi4.o)
                              iv.o (__divmodqi4)
/Applications/Arduino.app/Contents/Resources/Java/hardware/tools/avr/bin/../lib/gcc/avr/4.3.2/avr5/libgcc.a(_udivmodhi4.o)
                              iv.o (__udivmodhi4)
/Applications/Arduino.app/Contents/Resources/Java/hardware/tools/avr/bin/../lib/gcc/avr/4.3.2/avr5/libgcc.a(_divmodhi4.o)
                              iv.o (__divmodhi4)
/Applications/Arduino.app/Contents/Resources/Java/hardware/tools/avr/bin/../lib/gcc/avr/4.3.2/avr5/libgcc.a(_udivmodsi4.o)
                              iv.o (__udivmodsi4)
/Applications/Arduino.app/Contents/Resources/Java/hardware/tools/avr/bin/../lib/gcc/avr/4.3.2/avr5/libgcc.a(_divmodsi4.o)
                              iv.o (__divmodsi4)
/Applications/Arduino.app/Contents/Resources/Java/hardware/tools/avr/bin/../lib/gcc/avr/4.3.2/avr5/libgcc.a(_exit.o)
                              /Applications/Arduino.app/Contents/Resources/Java/hardware/tools/avr/bin/../lib/gcc/avr/4.3.2/../../../../avr/lib/avr5/crtm168.o (exit)
/Applications/Arduino.app/Contents/Resources/Java/hardware/tools/avr/bin/../lib/gcc/avr/4.3.2/avr5/libgcc.a(_copy_data.o)
                              iv.o (__do_copy_data)
/Applications/Arduino.app/Contents/Resources/Java/hardware/tools/avr/bin/../lib/gcc/avr/4.3.2/avr5/libgcc.a(_clear_bss.o)
                              iv.o (__do_clear_bss)
/Applications/Arduino.app/Contents/Resources/Java/hardware/tools/avr/bin/../lib/gcc/avr/4.3.2/../../../../avr/lib/avr5/libc.a(strchr.o)
                              iv.o (strchr)
/Applications/Arduino.app/Contents/Resources/Java/hardware/tools/avr/bin/../lib/gcc/avr/4.3.2/../../../../avr/lib/avr5/libc.a(strcmp.o)
                              iv.o (strcmp)
/Applications/Arduino.app/Contents/Resources/Java/hardware/tools/avr/bin/../lib/gcc/avr/4.3.2/../../../../avr/lib/avr5/libc.a(strncat.o)
                              iv.o (strncat)

Allocating common symbols
Common symbol       size              file

t                   0x4               iv.o
time_h              0x1               iv.o
strBuffer           0x80              iv.o
date_y              0x1               iv.o
alarm_m             0x1               iv.o
volume              0x1               iv.o
date_d              0x1               iv.o
display             0x9               iv.o
time_m              0x1               iv.o
alarm_on            0x1               iv.o
alarm_h             0x1               iv.o
brightness_level    0x1               iv.o
alarming            0x1               iv.o
displaymode         0x1               iv.o
date_m              0x1               iv.o
time_s              0x1               iv.o

Memory Configuration

Name             Origin             Length             Attributes
text             0x00000000         0x00020000         xr
data             0x00800060         0x0000ffa0         rw !x
eeprom           0x00810000         0x00010000         rw !x
fuse             0x00820000         0x00000400         rw !x
lock             0x00830000         0x00000400         rw !x
signature        0x00840000         0x00000400         rw !x
*default*        0x00000000         0xffffffff

Linker script and memory map

Address of section .data set to 0x800100
LOAD /Applications/Arduino.app/Contents/Resources/Java/hardware/tools/avr/bin/../lib/gcc/avr/4.3.2/../../../../avr/lib/avr5/crtm168.o
LOAD iv.o
LOAD util.o
LOAD /Applications/Arduino.app/Contents/Resources/Java/hardware/tools/avr/bin/../lib/gcc/avr/4.3.2/avr5/libgcc.a
LOAD /Applications/Arduino.app/Contents/Resources/Java/hardware/tools/avr/bin/../lib/gcc/avr/4.3.2/../../../../avr/lib/avr5/libc.a
LOAD /Applications/Arduino.app/Contents/Resources/Java/hardware/tools/avr/bin/../lib/gcc/avr/4.3.2/avr5/libgcc.a

.hash
 *(.hash)

.dynsym
 *(.dynsym)

.dynstr
 *(.dynstr)

.gnu.version
 *(.gnu.version)

.gnu.version_d
 *(.gnu.version_d)

.gnu.version_r
 *(.gnu.version_r)

.rel.init
 *(.rel.init)

.rela.init
 *(.rela.init)

.rel.text
 *(.rel.text)
 *(.rel.text.*)
 *(.rel.gnu.linkonce.t*)

.rela.text
 *(.rela.text)
 *(.rela.text.*)
 *(.rela.gnu.linkonce.t*)

.rel.fini
 *(.rel.fini)

.rela.fini
 *(.rela.fini)

.rel.rodata
 *(.rel.rodata)
 *(.rel.rodata.*)
 *(.rel.gnu.linkonce.r*)

.rela.rodata
 *(.rela.rodata)
 *(.rela.rodata.*)
 *(.rela.gnu.linkonce.r*)

.rel.data
 *(.rel.data)
 *(.rel.data.*)
 *(.rel.gnu.linkonce.d*)

.rela.data
 *(.rela.data)
 *(.rela.data.*)
 *(.rela.gnu.linkonce.d*)

.rel.ctors
 *(.rel.ctors)

.rela.ctors
 *(.rela.ctors)

.rel.dtors
 *(.rel.dtors)

.rela.dtors
 *(.rela.dtors)

.rel.got
 *(.rel.got)

.rela.got
 *(.rela.got)

.rel.bss
 *(.rel.bss)

.rela.bss
 *(.rela.bss)

.rel.plt
 *(.rel.plt)

.rela.plt
 *(.rela.plt)

.text           0x00000000     0x2e30
 *(.vectors)
 .vectors       0x00000000       0x68 /Applications/Arduino.app/Contents/Resources/Java/hardware/tools/avr/bin/../lib/gcc/avr/4.3.2/../../../../avr/lib/avr5/crtm168.o
                0x00000000                __vectors
                0x00000000                __vector_default
 *(.vectors)
 *(.progmem.gcc*)
 *(.progmem*)
 .progmem.data  0x00000068       0xed iv.o
                0x00000099                digittable_p
                0x0000008e                numbertable_p
                0x00000082                alphatable_p
                0x0000009b                segmenttable
                0x000000a3                segmenttable_p
                0x00000068                alphatable
                0x00000090                digittable
                0x00000084                numbertable
                0x00000156                . = ALIGN (0x2)
 *fill*         0x00000155        0x1 00
                0x00000156                __trampolines_start = .
 *(.trampolines)
 .trampolines   0x00000156        0x0 linker stubs
 *(.trampolines*)
                0x00000156                __trampolines_end = .
 *(.jumptables)
 *(.jumptables*)
 *(.lowtext)
 *(.lowtext*)
                0x00000156                __ctors_start = .
 *(.ctors)
                0x00000156                __ctors_end = .
                0x00000156                __dtors_start = .
 *(.dtors)
                0x00000156                __dtors_end = .
 SORT(*)(.ctors)
 SORT(*)(.dtors)
 *(.init0)
 .init0         0x00000156        0x0 /Applications/Arduino.app/Contents/Resources/Java/hardware/tools/avr/bin/../lib/gcc/avr/4.3.2/../../../../avr/lib/avr5/crtm168.o
                0x00000156                __init
 *(.init0)
 *(.init1)
 *(.init1)
 *(.init2)
 .init2         0x00000156        0xc /Applications/Arduino.app/Contents/Resources/Java/hardware/tools/avr/bin/../lib/gcc/avr/4.3.2/../../../../avr/lib/avr5/crtm168.o
 *(.init2)
 *(.init3)
 *(.init3)
 *(.init4)
 .init4         0x00000162       0x16 /Applications/Arduino.app/Contents/Resources/Java/hardware/tools/avr/bin/../lib/gcc/avr/4.3.2/avr5/libgcc.a(_copy_data.o)
                0x00000162                __do_copy_data
 .init4         0x00000178       0x10 /Applications/Arduino.app/Contents/Resources/Java/hardware/tools/avr/bin/../lib/gcc/avr/4.3.2/avr5/libgcc.a(_clear_bss.o)
                0x00000178                __do_clear_bss
 *(.init4)
 *(.init5)
 *(.init5)
 *(.init6)
 *(.init6)
 *(.init7)
 *(.init7)
 *(.init8)
 *(.init8)
 *(.init9)
 .init9         0x00000188        0x8 /Applications/Arduino.app/Contents/Resources/Java/hardware/tools/avr/bin/../lib/gcc/avr/4.3.2/../../../../avr/lib/avr5/crtm168.o
 *(.init9)
 *(.text)
 .text          0x00000190        0x4 /Applications/Arduino.app/Contents/Resources/Java/hardware/tools/avr/bin/../lib/gcc/avr/4.3.2/../../../../avr/lib/avr5/crtm168.o
                0x00000190                __vector_22
                0x00000190                __vector_24
                0x00000190                __vector_12
                0x00000190                __bad_interrupt
                0x00000190                __vector_6
                0x00000190                __vector_25
                0x00000190                __vector_11
                0x00000190                __vector_13
                0x00000190                __vector_17
                0x00000190                __vector_19
                0x00000190                __vector_7
                0x00000190                __vector_4
                0x00000190                __vector_2
                0x00000190                __vector_15
                0x00000190                __vector_8
                0x00000190                __vector_14
                0x00000190                __vector_10
                0x00000190                __vector_18
                0x00000190                __vector_20
 .text          0x00000194     0x2866 iv.o
                0x0000065c                display_time
                0x000001b4                gotosleep
                0x000016ce                fix_time
                0x0000297a                __vector_1
                0x000015d0                spi_xfer
                0x000024ca                set_timezone
                0x000009c6                display_alarm
                0x000013a6                vfd_init
                0x00000194                delayms
                0x00000612                boost_init
                0x00000394                leapyear
                0x0000050e                dimmer_init
                0x00001182                set_volume
                0x000020b4                __vector_3
                0x000019fc                check_alarm
                0x00001c00                set_date
                0x00001f52                __vector_23
                0x00001e96                wakeup
                0x00000ac6                set_alarm
                0x000002aa                clock_init
                0x00000d3c                display_str
                0x000013ac                vfd_send
                0x000001b0                kickthedog
                0x00000d8a                display_date
                0x000007ac                set_time
                0x00002166                __vector_5
                0x000022a4                getgpstime
                0x00000430                tick
                0x0000269a                main
                0x000003c6                speaker_init
                0x000015e2                setgpstime
                0x00002072                setsnooze
                0x00001a34                __vector_9
                0x000015da                gpsdataready
                0x00000544                dimmer_update
                0x00000558                __vector_21
                0x000012be                set_brightness
                0x000013e0                setdisplay
                0x00000480                beep
                0x0000020e                initbuttons
                0x0000168a                setgpsdate
                0x000010a6                set_region
                0x00000644                set_vfd_brightness
                0x00001b58                setalarmstate
                0x00001498                __vector_16
                0x00000c9a                display_timezone
                0x00000234                display_brightness
 .text          0x000029fa      0x2b2 util.o
                0x00002bce                uart_putdw_dec
                0x00002acc                uart_putc_hex
                0x000029fa                delay_10us
                0x00002ab2                uart_puts
                0x00002a5a                uart_getchar
                0x00002a2c                uart_init
                0x00002b58                uart_putw_dec
                0x00002b32                uart_putdw_hex
                0x00002a68                uart_getch
                0x00002a70                ROM_putstring
                0x00002a0e                delay_s
                0x00002b1e                uart_putw_hex
                0x00002a46                uart_putchar
 .text          0x00002cac        0x0 /Applications/Arduino.app/Contents/Resources/Java/hardware/tools/avr/bin/../lib/gcc/avr/4.3.2/avr5/libgcc.a(_mulsi3.o)
 .text          0x00002cac        0x0 /Applications/Arduino.app/Contents/Resources/Java/hardware/tools/avr/bin/../lib/gcc/avr/4.3.2/avr5/libgcc.a(_udivmodqi4.o)
 .text          0x00002cac        0x0 /Applications/Arduino.app/Contents/Resources/Java/hardware/tools/avr/bin/../lib/gcc/avr/4.3.2/avr5/libgcc.a(_divmodqi4.o)
 .text          0x00002cac        0x0 /Applications/Arduino.app/Contents/Resources/Java/hardware/tools/avr/bin/../lib/gcc/avr/4.3.2/avr5/libgcc.a(_udivmodhi4.o)
 .text          0x00002cac        0x0 /Applications/Arduino.app/Contents/Resources/Java/hardware/tools/avr/bin/../lib/gcc/avr/4.3.2/avr5/libgcc.a(_divmodhi4.o)
 .text          0x00002cac        0x0 /Applications/Arduino.app/Contents/Resources/Java/hardware/tools/avr/bin/../lib/gcc/avr/4.3.2/avr5/libgcc.a(_udivmodsi4.o)
 .text          0x00002cac        0x0 /Applications/Arduino.app/Contents/Resources/Java/hardware/tools/avr/bin/../lib/gcc/avr/4.3.2/avr5/libgcc.a(_divmodsi4.o)
 .text          0x00002cac        0x0 /Applications/Arduino.app/Contents/Resources/Java/hardware/tools/avr/bin/../lib/gcc/avr/4.3.2/avr5/libgcc.a(_exit.o)
 .text          0x00002cac        0x0 /Applications/Arduino.app/Contents/Resources/Java/hardware/tools/avr/bin/../lib/gcc/avr/4.3.2/avr5/libgcc.a(_copy_data.o)
 .text          0x00002cac        0x0 /Applications/Arduino.app/Contents/Resources/Java/hardware/tools/avr/bin/../lib/gcc/avr/4.3.2/avr5/libgcc.a(_clear_bss.o)
 .text          0x00002cac       0x16 /Applications/Arduino.app/Contents/Resources/Java/hardware/tools/avr/bin/../lib/gcc/avr/4.3.2/../../../../avr/lib/avr5/libc.a(strchr.o)
                0x00002cac                strchr
 .text          0x00002cc2       0x12 /Applications/Arduino.app/Contents/Resources/Java/hardware/tools/avr/bin/../lib/gcc/avr/4.3.2/../../../../avr/lib/avr5/libc.a(strcmp.o)
                0x00002cc2                strcmp
 .text          0x00002cd4       0x20 /Applications/Arduino.app/Contents/Resources/Java/hardware/tools/avr/bin/../lib/gcc/avr/4.3.2/../../../../avr/lib/avr5/libc.a(strncat.o)
                0x00002cd4                strncat
                0x00002cf4                . = ALIGN (0x2)
 *(.text.*)
 .text.libgcc   0x00002cf4       0x3e /Applications/Arduino.app/Contents/Resources/Java/hardware/tools/avr/bin/../lib/gcc/avr/4.3.2/avr5/libgcc.a(_mulsi3.o)
                0x00002cf4                __mulsi3
 .text.libgcc   0x00002d32       0x18 /Applications/Arduino.app/Contents/Resources/Java/hardware/tools/avr/bin/../lib/gcc/avr/4.3.2/avr5/libgcc.a(_udivmodqi4.o)
                0x00002d32                __udivmodqi4
 .text.libgcc   0x00002d4a       0x1a /Applications/Arduino.app/Contents/Resources/Java/hardware/tools/avr/bin/../lib/gcc/avr/4.3.2/avr5/libgcc.a(_divmodqi4.o)
                0x00002d4a                __divmodqi4
 .text.libgcc   0x00002d64       0x28 /Applications/Arduino.app/Contents/Resources/Java/hardware/tools/avr/bin/../lib/gcc/avr/4.3.2/avr5/libgcc.a(_udivmodhi4.o)
                0x00002d64                __udivmodhi4
 .text.libgcc   0x00002d8c       0x26 /Applications/Arduino.app/Contents/Resources/Java/hardware/tools/avr/bin/../lib/gcc/avr/4.3.2/avr5/libgcc.a(_divmodhi4.o)
                0x00002d8c                __divmodhi4
                0x00002d8c                _div
 .text.libgcc   0x00002db2       0x44 /Applications/Arduino.app/Contents/Resources/Java/hardware/tools/avr/bin/../lib/gcc/avr/4.3.2/avr5/libgcc.a(_udivmodsi4.o)
                0x00002db2                __udivmodsi4
 .text.libgcc   0x00002df6       0x36 /Applications/Arduino.app/Contents/Resources/Java/hardware/tools/avr/bin/../lib/gcc/avr/4.3.2/avr5/libgcc.a(_divmodsi4.o)
                0x00002df6                __divmodsi4
 .text.libgcc   0x00002e2c        0x0 /Applications/Arduino.app/Contents/Resources/Java/hardware/tools/avr/bin/../lib/gcc/avr/4.3.2/avr5/libgcc.a(_exit.o)
 .text.libgcc   0x00002e2c        0x0 /Applications/Arduino.app/Contents/Resources/Java/hardware/tools/avr/bin/../lib/gcc/avr/4.3.2/avr5/libgcc.a(_copy_data.o)
 .text.libgcc   0x00002e2c        0x0 /Applications/Arduino.app/Contents/Resources/Java/hardware/tools/avr/bin/../lib/gcc/avr/4.3.2/avr5/libgcc.a(_clear_bss.o)
                0x00002e2c                . = ALIGN (0x2)
 *(.fini9)
 .fini9         0x00002e2c        0x0 /Applications/Arduino.app/Contents/Resources/Java/hardware/tools/avr/bin/../lib/gcc/avr/4.3.2/avr5/libgcc.a(_exit.o)
                0x00002e2c                exit
                0x00002e2c                _exit
 *(.fini9)
 *(.fini8)
 *(.fini8)
 *(.fini7)
 *(.fini7)
 *(.fini6)
 *(.fini6)
 *(.fini5)
 *(.fini5)
 *(.fini4)
 *(.fini4)
 *(.fini3)
 *(.fini3)
 *(.fini2)
 *(.fini2)
 *(.fini1)
 *(.fini1)
 *(.fini0)
 .fini0         0x00002e2c        0x4 /Applications/Arduino.app/Contents/Resources/Java/hardware/tools/avr/bin/../lib/gcc/avr/4.3.2/avr5/libgcc.a(_exit.o)
 *(.fini0)
                0x00002e30                _etext = .

.data           0x00800100      0x146 load address 0x00002e30
                0x00800100                PROVIDE (__data_start, .)
 *(.data)
 .data          0x00800100        0x0 /Applications/Arduino.app/Contents/Resources/Java/hardware/tools/avr/bin/../lib/gcc/avr/4.3.2/../../../../avr/lib/avr5/crtm168.o
 .data          0x00800100      0x145 iv.o
                0x00800244                intTimeZoneHour
 .data          0x00800245        0x0 util.o
 .data          0x00800245        0x0 /Applications/Arduino.app/Contents/Resources/Java/hardware/tools/avr/bin/../lib/gcc/avr/4.3.2/avr5/libgcc.a(_mulsi3.o)
 .data          0x00800245        0x0 /Applications/Arduino.app/Contents/Resources/Java/hardware/tools/avr/bin/../lib/gcc/avr/4.3.2/avr5/libgcc.a(_udivmodqi4.o)
 .data          0x00800245        0x0 /Applications/Arduino.app/Contents/Resources/Java/hardware/tools/avr/bin/../lib/gcc/avr/4.3.2/avr5/libgcc.a(_divmodqi4.o)
 .data          0x00800245        0x0 /Applications/Arduino.app/Contents/Resources/Java/hardware/tools/avr/bin/../lib/gcc/avr/4.3.2/avr5/libgcc.a(_udivmodhi4.o)
 .data          0x00800245        0x0 /Applications/Arduino.app/Contents/Resources/Java/hardware/tools/avr/bin/../lib/gcc/avr/4.3.2/avr5/libgcc.a(_divmodhi4.o)
 .data          0x00800245        0x0 /Applications/Arduino.app/Contents/Resources/Java/hardware/tools/avr/bin/../lib/gcc/avr/4.3.2/avr5/libgcc.a(_udivmodsi4.o)
 .data          0x00800245        0x0 /Applications/Arduino.app/Contents/Resources/Java/hardware/tools/avr/bin/../lib/gcc/avr/4.3.2/avr5/libgcc.a(_divmodsi4.o)
 .data          0x00800245        0x0 /Applications/Arduino.app/Contents/Resources/Java/hardware/tools/avr/bin/../lib/gcc/avr/4.3.2/avr5/libgcc.a(_exit.o)
 .data          0x00800245        0x0 /Applications/Arduino.app/Contents/Resources/Java/hardware/tools/avr/bin/../lib/gcc/avr/4.3.2/avr5/libgcc.a(_copy_data.o)
 .data          0x00800245        0x0 /Applications/Arduino.app/Contents/Resources/Java/hardware/tools/avr/bin/../lib/gcc/avr/4.3.2/avr5/libgcc.a(_clear_bss.o)
 .data          0x00800245        0x0 /Applications/Arduino.app/Contents/Resources/Java/hardware/tools/avr/bin/../lib/gcc/avr/4.3.2/../../../../avr/lib/avr5/libc.a(strchr.o)
 .data          0x00800245        0x0 /Applications/Arduino.app/Contents/Resources/Java/hardware/tools/avr/bin/../lib/gcc/avr/4.3.2/../../../../avr/lib/avr5/libc.a(strcmp.o)
 .data          0x00800245        0x0 /Applications/Arduino.app/Contents/Resources/Java/hardware/tools/avr/bin/../lib/gcc/avr/4.3.2/../../../../avr/lib/avr5/libc.a(strncat.o)
 *(.data*)
 *(.rodata)
 *(.rodata*)
 *(.gnu.linkonce.d*)
                0x00800246                . = ALIGN (0x2)
 *fill*         0x00800245        0x1 00
                0x00800246                _edata = .
                0x00800246                PROVIDE (__data_end, .)

.bss            0x00800246       0xb1
                0x00800246                PROVIDE (__bss_start, .)
 *(.bss)
 .bss           0x00800246        0x0 /Applications/Arduino.app/Contents/Resources/Java/hardware/tools/avr/bin/../lib/gcc/avr/4.3.2/../../../../avr/lib/avr5/crtm168.o
 .bss           0x00800246       0x17 iv.o
                0x00800249                sleepmode
                0x0080024e                secondDisp
                0x0080024f                currdigit
                0x0080025b                buttonholdcounter
                0x00800248                region
                0x00800256                milliseconds
                0x00800246                app_start
                0x0080024c                intBufferStatus
                0x0080025a                pressed
                0x0080024b                restored
                0x0080024d                intTimeZoneMin
                0x0080025c                timeoutcounter
                0x00800252                alarmdiv
                0x00800258                last_buttonstate
                0x00800254                snoozetimer
                0x00800259                just_pressed
                0x0080024a                timeunknown
                0x00800250                muxdiv
 .bss           0x0080025d        0x0 util.o
 .bss           0x0080025d        0x0 /Applications/Arduino.app/Contents/Resources/Java/hardware/tools/avr/bin/../lib/gcc/avr/4.3.2/avr5/libgcc.a(_mulsi3.o)
 .bss           0x0080025d        0x0 /Applications/Arduino.app/Contents/Resources/Java/hardware/tools/avr/bin/../lib/gcc/avr/4.3.2/avr5/libgcc.a(_udivmodqi4.o)
 .bss           0x0080025d        0x0 /Applications/Arduino.app/Contents/Resources/Java/hardware/tools/avr/bin/../lib/gcc/avr/4.3.2/avr5/libgcc.a(_divmodqi4.o)
 .bss           0x0080025d        0x0 /Applications/Arduino.app/Contents/Resources/Java/hardware/tools/avr/bin/../lib/gcc/avr/4.3.2/avr5/libgcc.a(_udivmodhi4.o)
 .bss           0x0080025d        0x0 /Applications/Arduino.app/Contents/Resources/Java/hardware/tools/avr/bin/../lib/gcc/avr/4.3.2/avr5/libgcc.a(_divmodhi4.o)
 .bss           0x0080025d        0x0 /Applications/Arduino.app/Contents/Resources/Java/hardware/tools/avr/bin/../lib/gcc/avr/4.3.2/avr5/libgcc.a(_udivmodsi4.o)
 .bss           0x0080025d        0x0 /Applications/Arduino.app/Contents/Resources/Java/hardware/tools/avr/bin/../lib/gcc/avr/4.3.2/avr5/libgcc.a(_divmodsi4.o)
 .bss           0x0080025d        0x0 /Applications/Arduino.app/Contents/Resources/Java/hardware/tools/avr/bin/../lib/gcc/avr/4.3.2/avr5/libgcc.a(_exit.o)
 .bss           0x0080025d        0x0 /Applications/Arduino.app/Contents/Resources/Java/hardware/tools/avr/bin/../lib/gcc/avr/4.3.2/avr5/libgcc.a(_copy_data.o)
 .bss           0x0080025d        0x0 /Applications/Arduino.app/Contents/Resources/Java/hardware/tools/avr/bin/../lib/gcc/avr/4.3.2/avr5/libgcc.a(_clear_bss.o)
 .bss           0x0080025d        0x0 /Applications/Arduino.app/Contents/Resources/Java/hardware/tools/avr/bin/../lib/gcc/avr/4.3.2/../../../../avr/lib/avr5/libc.a(strchr.o)
 .bss           0x0080025d        0x0 /Applications/Arduino.app/Contents/Resources/Java/hardware/tools/avr/bin/../lib/gcc/avr/4.3.2/../../../../avr/lib/avr5/libc.a(strcmp.o)
 .bss           0x0080025d        0x0 /Applications/Arduino.app/Contents/Resources/Java/hardware/tools/avr/bin/../lib/gcc/avr/4.3.2/../../../../avr/lib/avr5/libc.a(strncat.o)
 *(.bss*)
 *(COMMON)
 COMMON         0x0080025d       0x9a iv.o
                0x0080025d                t
                0x00800261                time_h
                0x00800262                strBuffer
                0x008002e2                date_y
                0x008002e3                alarm_m
                0x008002e4                volume
                0x008002e5                date_d
                0x008002e6                display
                0x008002ef                time_m
                0x008002f0                alarm_on
                0x008002f1                alarm_h
                0x008002f2                brightness_level
                0x008002f3                alarming
                0x008002f4                displaymode
                0x008002f5                date_m
                0x008002f6                time_s
                0x008002f7                PROVIDE (__bss_end, .)
                0x00002e30                __data_load_start = LOADADDR (.data)
                0x00002f76                __data_load_end = (__data_load_start + SIZEOF (.data))

.noinit         0x008002f7        0x0
                0x008002f7                PROVIDE (__noinit_start, .)
 *(.noinit*)
                0x008002f7                PROVIDE (__noinit_end, .)
                0x008002f7                _end = .
                0x008002f7                PROVIDE (__heap_start, .)

.eeprom         0x00810000        0x0
 *(.eeprom*)
                0x00810000                __eeprom_end = .

.fuse
 *(.fuse)
 *(.lfuse)
 *(.hfuse)
 *(.efuse)

.lock
 *(.lock*)

.signature
 *(.signature*)

.stab
 *(.stab)

.stabstr
 *(.stabstr)

.stab.excl
 *(.stab.excl)

.stab.exclstr
 *(.stab.exclstr)

.stab.index
 *(.stab.index)

.stab.indexstr
 *(.stab.indexstr)

.comment
 *(.comment)

.debug
 *(.debug)

.line
 *(.line)

.debug_srcinfo
 *(.debug_srcinfo)

.debug_sfnames
 *(.debug_sfnames)

.debug_aranges  0x00000000       0x40
 *(.debug_aranges)
 .debug_aranges
                0x00000000       0x20 iv.o
 .debug_aranges
                0x00000020       0x20 util.o

.debug_pubnames
                0x00000000      0x63f
 *(.debug_pubnames)
 .debug_pubnames
                0x00000000      0x557 iv.o
 .debug_pubnames
                0x00000557       0xe8 util.o

.debug_info     0x00000000     0x25eb
 *(.debug_info)
 .debug_info    0x00000000     0x215b iv.o
 .debug_info    0x0000215b      0x490 util.o
 *(.gnu.linkonce.wi.*)

.debug_abbrev   0x00000000      0x502
 *(.debug_abbrev)
 .debug_abbrev  0x00000000      0x33d iv.o
 .debug_abbrev  0x0000033d      0x1c5 util.o

.debug_line     0x00000000     0x30a5
 *(.debug_line)
 .debug_line    0x00000000     0x2c28 iv.o
 .debug_line    0x00002c28      0x47d util.o

.debug_frame    0x00000000      0x3e0
 *(.debug_frame)
 .debug_frame   0x00000000      0x300 iv.o
 .debug_frame   0x00000300       0xe0 util.o

.debug_str      0x00000000      0x659
 *(.debug_str)
 .debug_str     0x00000000      0x5a8 iv.o
                                0x621 (size before relaxing)
 .debug_str     0x000005a8       0xb1 util.o
                                0x1c2 (size before relaxing)

.debug_loc      0x00000000     0x119c
 *(.debug_loc)
 .debug_loc     0x00000000      0xec1 iv.o
 .debug_loc     0x00000ec1      0x2db util.o

.debug_macinfo
 *(.debug_macinfo)
OUTPUT(iv.elf elf32-avr)
LOAD linker stubs

.debug_ranges   0x00000000      0x240
 .debug_ranges  0x00000000      0x150 iv.o
 .debug_ranges  0x00000150       0xf0 util.o

Cross Reference Table

Symbol                                            File
ROM_putstring                                     util.o
                                                  iv.o
__bad_interrupt                                   /Applications/Arduino.app/Contents/Resources/Java/hardware/tools/avr/bin/../lib/gcc/avr/4.3.2/../../../../avr/lib/avr5/crtm168.o
__bss_end                                         /Applications/Arduino.app/Contents/Resources/Java/hardware/tools/avr/bin/../lib/gcc/avr/4.3.2/avr5/libgcc.a(_clear_bss.o)
__bss_start                                       /Applications/Arduino.app/Contents/Resources/Java/hardware/tools/avr/bin/../lib/gcc/avr/4.3.2/avr5/libgcc.a(_clear_bss.o)
__data_end                                        /Applications/Arduino.app/Contents/Resources/Java/hardware/tools/avr/bin/../lib/gcc/avr/4.3.2/avr5/libgcc.a(_copy_data.o)
__data_load_start                                 /Applications/Arduino.app/Contents/Resources/Java/hardware/tools/avr/bin/../lib/gcc/avr/4.3.2/avr5/libgcc.a(_copy_data.o)
__data_start                                      /Applications/Arduino.app/Contents/Resources/Java/hardware/tools/avr/bin/../lib/gcc/avr/4.3.2/avr5/libgcc.a(_copy_data.o)
__divmodhi4                                       /Applications/Arduino.app/Contents/Resources/Java/hardware/tools/avr/bin/../lib/gcc/avr/4.3.2/avr5/libgcc.a(_divmodhi4.o)
                                                  iv.o
__divmodqi4                                       /Applications/Arduino.app/Contents/Resources/Java/hardware/tools/avr/bin/../lib/gcc/avr/4.3.2/avr5/libgcc.a(_divmodqi4.o)
                                                  iv.o
__divmodsi4                                       /Applications/Arduino.app/Contents/Resources/Java/hardware/tools/avr/bin/../lib/gcc/avr/4.3.2/avr5/libgcc.a(_divmodsi4.o)
                                                  iv.o
__do_clear_bss                                    /Applications/Arduino.app/Contents/Resources/Java/hardware/tools/avr/bin/../lib/gcc/avr/4.3.2/avr5/libgcc.a(_clear_bss.o)
                                                  util.o
                                                  iv.o
__do_copy_data                                    /Applications/Arduino.app/Contents/Resources/Java/hardware/tools/avr/bin/../lib/gcc/avr/4.3.2/avr5/libgcc.a(_copy_data.o)
                                                  util.o
                                                  iv.o
__heap_end                                        /Applications/Arduino.app/Contents/Resources/Java/hardware/tools/avr/bin/../lib/gcc/avr/4.3.2/../../../../avr/lib/avr5/crtm168.o
__init                                            /Applications/Arduino.app/Contents/Resources/Java/hardware/tools/avr/bin/../lib/gcc/avr/4.3.2/../../../../avr/lib/avr5/crtm168.o
__mulsi3                                          /Applications/Arduino.app/Contents/Resources/Java/hardware/tools/avr/bin/../lib/gcc/avr/4.3.2/avr5/libgcc.a(_mulsi3.o)
                                                  util.o
                                                  iv.o
__stack                                           /Applications/Arduino.app/Contents/Resources/Java/hardware/tools/avr/bin/../lib/gcc/avr/4.3.2/../../../../avr/lib/avr5/crtm168.o
__udivmodhi4                                      /Applications/Arduino.app/Contents/Resources/Java/hardware/tools/avr/bin/../lib/gcc/avr/4.3.2/avr5/libgcc.a(_udivmodhi4.o)
                                                  /Applications/Arduino.app/Contents/Resources/Java/hardware/tools/avr/bin/../lib/gcc/avr/4.3.2/avr5/libgcc.a(_divmodhi4.o)
                                                  util.o
                                                  iv.o
__udivmodqi4                                      /Applications/Arduino.app/Contents/Resources/Java/hardware/tools/avr/bin/../lib/gcc/avr/4.3.2/avr5/libgcc.a(_udivmodqi4.o)
                                                  /Applications/Arduino.app/Contents/Resources/Java/hardware/tools/avr/bin/../lib/gcc/avr/4.3.2/avr5/libgcc.a(_divmodqi4.o)
                                                  iv.o
__udivmodsi4                                      /Applications/Arduino.app/Contents/Resources/Java/hardware/tools/avr/bin/../lib/gcc/avr/4.3.2/avr5/libgcc.a(_udivmodsi4.o)
                                                  /Applications/Arduino.app/Contents/Resources/Java/hardware/tools/avr/bin/../lib/gcc/avr/4.3.2/avr5/libgcc.a(_divmodsi4.o)
                                                  util.o
                                                  iv.o
__vector_1                                        iv.o
                                                  /Applications/Arduino.app/Contents/Resources/Java/hardware/tools/avr/bin/../lib/gcc/avr/4.3.2/../../../../avr/lib/avr5/crtm168.o
__vector_10                                       /Applications/Arduino.app/Contents/Resources/Java/hardware/tools/avr/bin/../lib/gcc/avr/4.3.2/../../../../avr/lib/avr5/crtm168.o
__vector_11                                       /Applications/Arduino.app/Contents/Resources/Java/hardware/tools/avr/bin/../lib/gcc/avr/4.3.2/../../../../avr/lib/avr5/crtm168.o
__vector_12                                       /Applications/Arduino.app/Contents/Resources/Java/hardware/tools/avr/bin/../lib/gcc/avr/4.3.2/../../../../avr/lib/avr5/crtm168.o
__vector_13                                       /Applications/Arduino.app/Contents/Resources/Java/hardware/tools/avr/bin/../lib/gcc/avr/4.3.2/../../../../avr/lib/avr5/crtm168.o
__vector_14                                       /Applications/Arduino.app/Contents/Resources/Java/hardware/tools/avr/bin/../lib/gcc/avr/4.3.2/../../../../avr/lib/avr5/crtm168.o
__vector_15                                       /Applications/Arduino.app/Contents/Resources/Java/hardware/tools/avr/bin/../lib/gcc/avr/4.3.2/../../../../avr/lib/avr5/crtm168.o
__vector_16                                       iv.o
                                                  /Applications/Arduino.app/Contents/Resources/Java/hardware/tools/avr/bin/../lib/gcc/avr/4.3.2/../../../../avr/lib/avr5/crtm168.o
__vector_17                                       /Applications/Arduino.app/Contents/Resources/Java/hardware/tools/avr/bin/../lib/gcc/avr/4.3.2/../../../../avr/lib/avr5/crtm168.o
__vector_18                                       /Applications/Arduino.app/Contents/Resources/Java/hardware/tools/avr/bin/../lib/gcc/avr/4.3.2/../../../../avr/lib/avr5/crtm168.o
__vector_19                                       /Applications/Arduino.app/Contents/Resources/Java/hardware/tools/avr/bin/../lib/gcc/avr/4.3.2/../../../../avr/lib/avr5/crtm168.o
__vector_2                                        /Applications/Arduino.app/Contents/Resources/Java/hardware/tools/avr/bin/../lib/gcc/avr/4.3.2/../../../../avr/lib/avr5/crtm168.o
__vector_20                                       /Applications/Arduino.app/Contents/Resources/Java/hardware/tools/avr/bin/../lib/gcc/avr/4.3.2/../../../../avr/lib/avr5/crtm168.o
__vector_21                                       iv.o
                                                  /Applications/Arduino.app/Contents/Resources/Java/hardware/tools/avr/bin/../lib/gcc/avr/4.3.2/../../../../avr/lib/avr5/crtm168.o
__vector_22                                       /Applications/Arduino.app/Contents/Resources/Java/hardware/tools/avr/bin/../lib/gcc/avr/4.3.2/../../../../avr/lib/avr5/crtm168.o
__vector_23                                       iv.o
                                                  /Applications/Arduino.app/Contents/Resources/Java/hardware/tools/avr/bin/../lib/gcc/avr/4.3.2/../../../../avr/lib/avr5/crtm168.o
__vector_24                                       /Applications/Arduino.app/Contents/Resources/Java/hardware/tools/avr/bin/../lib/gcc/avr/4.3.2/../../../../avr/lib/avr5/crtm168.o
__vector_25                                       /Applications/Arduino.app/Contents/Resources/Java/hardware/tools/avr/bin/../lib/gcc/avr/4.3.2/../../../../avr/lib/avr5/crtm168.o
__vector_3                                        iv.o
                                                  /Applications/Arduino.app/Contents/Resources/Java/hardware/tools/avr/bin/../lib/gcc/avr/4.3.2/../../../../avr/lib/avr5/crtm168.o
__vector_4                                        /Applications/Arduino.app/Contents/Resources/Java/hardware/tools/avr/bin/../lib/gcc/avr/4.3.2/../../../../avr/lib/avr5/crtm168.o
__vector_5                                        iv.o
                                                  /Applications/Arduino.app/Contents/Resources/Java/hardware/tools/avr/bin/../lib/gcc/avr/4.3.2/../../../../avr/lib/avr5/crtm168.o
__vector_6                                        /Applications/Arduino.app/Contents/Resources/Java/hardware/tools/avr/bin/../lib/gcc/avr/4.3.2/../../../../avr/lib/avr5/crtm168.o
__vector_7                                        /Applications/Arduino.app/Contents/Resources/Java/hardware/tools/avr/bin/../lib/gcc/avr/4.3.2/../../../../avr/lib/avr5/crtm168.o
__vector_8                                        /Applications/Arduino.app/Contents/Resources/Java/hardware/tools/avr/bin/../lib/gcc/avr/4.3.2/../../../../avr/lib/avr5/crtm168.o
__vector_9                                        iv.o
                                                  /Applications/Arduino.app/Contents/Resources/Java/hardware/tools/avr/bin/../lib/gcc/avr/4.3.2/../../../../avr/lib/avr5/crtm168.o
__vector_default                                  /Applications/Arduino.app/Contents/Resources/Java/hardware/tools/avr/bin/../lib/gcc/avr/4.3.2/../../../../avr/lib/avr5/crtm168.o
__vectors                                         /Applications/Arduino.app/Contents/Resources/Java/hardware/tools/avr/bin/../lib/gcc/avr/4.3.2/../../../../avr/lib/avr5/crtm168.o
_div                                              /Applications/Arduino.app/Contents/Resources/Java/hardware/tools/avr/bin/../lib/gcc/avr/4.3.2/avr5/libgcc.a(_divmodhi4.o)
_exit                                             /Applications/Arduino.app/Contents/Resources/Java/hardware/tools/avr/bin/../lib/gcc/avr/4.3.2/avr5/libgcc.a(_exit.o)
alarm_h                                           iv.o
alarm_m                                           iv.o
alarm_on                                          iv.o
alarmdiv                                          iv.o
alarming                                          iv.o
alphatable                                        iv.o
alphatable_p                                      iv.o
app_start                                         iv.o
beep                                              iv.o
boost_init                                        iv.o
brightness_level                                  iv.o
buttonholdcounter                                 iv.o
check_alarm                                       iv.o
clock_init                                        iv.o
currdigit                                         iv.o
date_d                                            iv.o
date_m                                            iv.o
date_y                                            iv.o
delay_10us                                        util.o
delay_s                                           util.o
delayms                                           iv.o
digittable                                        iv.o
digittable_p                                      iv.o
dimmer_init                                       iv.o
dimmer_update                                     iv.o
display                                           iv.o
display_alarm                                     iv.o
display_brightness                                iv.o
display_date                                      iv.o
display_str                                       iv.o
display_time                                      iv.o
display_timezone                                  iv.o
displaymode                                       iv.o
exit                                              /Applications/Arduino.app/Contents/Resources/Java/hardware/tools/avr/bin/../lib/gcc/avr/4.3.2/avr5/libgcc.a(_exit.o)
                                                  /Applications/Arduino.app/Contents/Resources/Java/hardware/tools/avr/bin/../lib/gcc/avr/4.3.2/../../../../avr/lib/avr5/crtm168.o
fix_time                                          iv.o
getgpstime                                        iv.o
gotosleep                                         iv.o
gpsdataready                                      iv.o
initbuttons                                       iv.o
intBufferStatus                                   iv.o
intTimeZoneHour                                   iv.o
intTimeZoneMin                                    iv.o
just_pressed                                      iv.o
kickthedog                                        iv.o
last_buttonstate                                  iv.o
leapyear                                          iv.o
main                                              iv.o
                                                  /Applications/Arduino.app/Contents/Resources/Java/hardware/tools/avr/bin/../lib/gcc/avr/4.3.2/../../../../avr/lib/avr5/crtm168.o
milliseconds                                      iv.o
muxdiv                                            iv.o
numbertable                                       iv.o
numbertable_p                                     iv.o
pressed                                           iv.o
region                                            iv.o
restored                                          iv.o
secondDisp                                        iv.o
segmenttable                                      iv.o
segmenttable_p                                    iv.o
set_alarm                                         iv.o
set_brightness                                    iv.o
set_date                                          iv.o
set_region                                        iv.o
set_time                                          iv.o
set_timezone                                      iv.o
set_vfd_brightness                                iv.o
set_volume                                        iv.o
setalarmstate                                     iv.o
setdisplay                                        iv.o
setgpsdate                                        iv.o
setgpstime                                        iv.o
setsnooze                                         iv.o
sleepmode                                         iv.o
snoozetimer                                       iv.o
speaker_init                                      iv.o
spi_xfer                                          iv.o
strBuffer                                         iv.o
strchr                                            /Applications/Arduino.app/Contents/Resources/Java/hardware/tools/avr/bin/../lib/gcc/avr/4.3.2/../../../../avr/lib/avr5/libc.a(strchr.o)
                                                  iv.o
strcmp                                            /Applications/Arduino.app/Contents/Resources/Java/hardware/tools/avr/bin/../lib/gcc/avr/4.3.2/../../../../avr/lib/avr5/libc.a(strcmp.o)
                                                  iv.o
strncat                                           /Applications/Arduino.app/Contents/Resources/Java/hardware/tools/avr/bin/../lib/gcc/avr/4.3.2/../../../../avr/lib/avr5/libc.a(strncat.o)
                                                  iv.o
t                                                 iv.o
tick                                              iv.o
time_h                                            iv.o
time_m                                            iv.o
time_s                                            iv.o
timeoutcounter                                    iv.o
timeunknown                                       iv.o
uart_getch                                        util.o
uart_getchar                                      util.o
uart_init                                         util.o
                                                  iv.o
uart_putc_hex                                     util.o
uart_putchar                                      util.o
                                                  iv.o
uart_putdw_dec                                    util.o
uart_putdw_hex                                    util.o
uart_puts                                         util.o
                                                  iv.o
uart_putw_dec                                     util.o
                                                  iv.o
uart_putw_hex                                     util.o
                                                  iv.o
vfd_init                                          iv.o
vfd_send                                          iv.o
volume                                            iv.o
wakeup                                            iv.o
